// Jest Snapshot v1, https://goo.gl/fbAQLP

exports[`<StyledCard /> should render and match the snapshot 1`] = `
<body>
  <div>
    <p
      class="T__StyledText-gjlic1-0 kYcyRq"
      data-testid="no-music-data"
    >
      Oops! There's nothing here.
    </p>
  </div>
</body>
`;
